08-23 23:15:32.728 13624 13624 D ForceDarkHelper: updateByCheckExcludeList: pkg: com.android.todolist activity: com.android.todolist.MainActivity@7832832
08-23 23:15:32.755  1610  1756 I ActivityTaskManager: Displayed com.android.todolist/.MainActivity: +143ms
08-23 23:15:32.989  1610  4589 W NotificationService: Toast already killed. pkg=com.android.todolist callback=android.app.ITransientNotification$Stub$Proxy@66350d2
08-23 23:15:33.267  1610  1733 I Timeline: Timeline: Activity_windows_visible id: ActivityRecord{28f2304 u0 com.android.todolist/.MainActivity t19240} time:286911217
08-23 23:15:34.117  1610  3084 I MiuiKnockGestureService: focus window:com.android.todolist
08-23 23:15:34.890  1610  3084 I MiuiKnockGestureService: focus window:com.android.todolist
08-23 23:15:40.005 13624 13624 D ForceDarkHelper: updateByCheckExcludeList: pkg: com.android.todolist activity: com.android.todolist.MainActivity@7832832
08-23 23:15:40.021  1610  3084 I ActivityTaskManager: START u0 {cmp=com.android.todolist/.ListActivity (has extras)} from uid 10010
08-23 23:15:40.006 13624 13624 D ForceDarkHelper: updateByCheckExcludeList: pkg: com.android.todolist activity: com.android.todolist.MainActivity@7832832
08-23 23:15:40.042 13624 13624 I Toast   : Show toast from OpPackageName:com.android.todolist, PackageName:com.android.todolist
08-23 23:15:40.045  1610  3084 I ActivityTaskManager: The Process com.android.todolist Already Exists in BG. So sending its PID: 13624
08-23 23:15:40.082 13624 13624 D ForceDarkHelper: updateByCheckExcludeList: pkg: com.android.todolist activity: com.android.todolist.ListActivity@9ee2458
08-23 23:15:40.099 13624 13624 I chatty  : uid=10010(com.android.todolist) identical 7 lines
08-23 23:15:40.100 13624 13624 D ForceDarkHelper: updateByCheckExcludeList: pkg: com.android.todolist activity: com.android.todolist.ListActivity@9ee2458
08-23 23:15:40.137 13624 13624 D ForceDarkHelper: updateByCheckExcludeList: pkg: com.android.todolist activity: com.android.todolist.ListActivity@9ee2458
08-23 23:15:40.153  1610  3084 I MiuiKnockGestureService: focus window:com.android.todolist
08-23 23:15:40.144 13624 13624 I chatty  : uid=10010(com.android.todolist) identical 7 lines
08-23 23:15:40.145 13624 13624 D ForceDarkHelper: updateByCheckExcludeList: pkg: com.android.todolist activity: com.android.todolist.ListActivity@9ee2458
08-23 23:15:40.191  1610  1756 I ActivityTaskManager: Displayed com.android.todolist/.ListActivity: +165ms
08-23 23:15:40.703  1610  1733 I Timeline: Timeline: Activity_windows_visible id: ActivityRecord{68d0fef u0 com.android.todolist/.ListActivity t19240} time:286918652
08-23 23:15:42.058  1610  3084 W NotificationService: Toast already killed. pkg=com.android.todolist callback=android.app.ITransientNotification$Stub$Proxy@1b3633a
08-23 23:15:42.356  1610  4589 I ActivityTaskManager: START u0 {cmp=com.android.todolist/.MainActivity} from uid 10010
08-23 23:15:42.384  1610  4589 I ActivityTaskManager: The Process com.android.todolist Already Exists in BG. So sending its PID: 13624
08-23 23:15:42.401 13624 13624 D ForceDarkHelper: updateByCheckExcludeList: pkg: com.android.todolist activity: com.android.todolist.MainActivity@27a5ba2
08-23 23:15:42.457  1610  4589 I MiuiKnockGestureService: focus window:com.android.todolist
08-23 23:15:42.483 13624 13624 I chatty  : uid=10010(com.android.todolist) identical 38 lines
08-23 23:15:42.484 13624 13624 D ForceDarkHelper: updateByCheckExcludeList: pkg: com.android.todolist activity: com.android.todolist.MainActivity@27a5ba2
08-23 23:15:42.524  1610  1756 I ActivityTaskManager: Displayed com.android.todolist/.MainActivity: +162ms
08-23 23:15:43.032  1610  1733 I Timeline: Timeline: Activity_windows_visible id: ActivityRecord{b09e7e1 u0 com.android.todolist/.MainActivity t19240} time:286920981
08-23 23:15:44.237 13624 13624 D ForceDarkHelper: updateByCheckExcludeList: pkg: com.android.todolist activity: com.android.todolist.MainActivity@27a5ba2
08-23 23:15:44.250  1610  5364 I ActivityTaskManager: START u0 {cmp=com.android.todolist/.ListActivity (has extras)} from uid 10010
08-23 23:15:44.238 13624 13624 D ForceDarkHelper: updateByCheckExcludeList: pkg: com.android.todolist activity: com.android.todolist.MainActivity@27a5ba2
08-23 23:15:44.273 13624 13624 I Toast   : Show toast from OpPackageName:com.android.todolist, PackageName:com.android.todolist
08-23 23:15:44.276  1610  5364 I ActivityTaskManager: The Process com.android.todolist Already Exists in BG. So sending its PID: 13624
08-23 23:15:44.314 13624 13624 D ForceDarkHelper: updateByCheckExcludeList: pkg: com.android.todolist activity: com.android.todolist.ListActivity@5214bc9
08-23 23:15:44.334 13624 13624 I chatty  : uid=10010(com.android.todolist) identical 7 lines
08-23 23:15:44.335 13624 13624 D ForceDarkHelper: updateByCheckExcludeList: pkg: com.android.todolist activity: com.android.todolist.ListActivity@5214bc9
08-23 23:15:44.368  1610  4270 I MiuiKnockGestureService: focus window:com.android.todolist
08-23 23:15:44.395  1610  1756 I ActivityTaskManager: Displayed com.android.todolist/.ListActivity: +142ms
08-23 23:15:44.907  1610  1733 I Timeline: Timeline: Activity_windows_visible id: ActivityRecord{b747f8e u0 com.android.todolist/.ListActivity t19240} time:286922856
08-23 23:15:45.354  4079  4079 I AndroidIME: AbstractIme.onActivate():86 LatinIme.onActivate() : EditorInfo = Package = com.android.todolist : Type = Text : Learning = Enable : Suggestion = Show : AutoCorrection = Enable : Microphone = Show : NoPersonalizedLearning = Disable : AutoStartVoiceInput = Disable : AutoStartEmojiInput = Disable : SimulateDeviceLocked = False : imeActionName = DONE : imeOptions = 6 : privateImeOptions = null, IncognitoMode = false, DeviceLocked = false
08-23 23:15:45.451 24570 31046 W nhz     : Infinite Data has no result for 9677661882425161_com.android.todolist [CONTEXT service_id=177 ]
08-23 23:15:45.462 24570 31975 W nhz     : Infinite Data has no result for 9677661882425161_com.android.todolist [CONTEXT service_id=177 ]
08-23 23:15:46.295  1610  5364 W NotificationService: Toast already killed. pkg=com.android.todolist callback=android.app.ITransientNotification$Stub$Proxy@b44bdb2
08-23 23:15:54.787  4079  4079 I AndroidIME: AbstractIme.onActivate():86 PasswordIme.onActivate() : EditorInfo = Package = com.android.todolist : Type = Text : Learning = Disable : Suggestion = Show : AutoCorrection = Disable : Microphone = Show : NoPersonalizedLearning = Disable : AutoStartVoiceInput = Disable : AutoStartEmojiInput = Disable : SimulateDeviceLocked = False : imeActionName = UNSPECIFIED : imeOptions = 0 : privateImeOptions = null, IncognitoMode = false, DeviceLocked = false
08-23 23:15:55.410 13624 13624 D ForceDarkHelper: updateByCheckExcludeList: pkg: com.android.todolist activity: com.android.todolist.ListActivity@5214bc9
08-23 23:15:55.411 13624 13624 I chatty  : uid=10010(com.android.todolist) identical 1 line
08-23 23:15:55.414 13624 13624 D ForceDarkHelper: updateByCheckExcludeList: pkg: com.android.todolist activity: com.android.todolist.ListActivity@5214bc9
08-23 23:15:59.171  1610  5364 I MiuiKnockGestureService: focus window:com.android.todolist
08-23 23:16:00.163  1610  5364 I MiuiKnockGestureService: focus window:com.android.todolist
08-23 23:16:01.443  1610  3082 I MiuiKnockGestureService: focus window:com.android.todolist
08-23 23:16:01.453  1610  3082 E InputDispatcher: Window handle Window{b2e27ae u0 com.android.todolist/com.android.todolist.ListActivity} has no registered input channel
08-23 23:16:02.325  1610  3082 I ActivityTaskManager: START u0 {cmp=com.android.todolist/.MainActivity} from uid 10010
08-23 23:16:02.346  1610  3082 I ActivityTaskManager: The Process com.android.todolist Already Exists in BG. So sending its PID: 13624
08-23 23:16:02.365 13624 13624 D ForceDarkHelper: updateByCheckExcludeList: pkg: com.android.todolist activity: com.android.todolist.MainActivity@8f05c2c
08-23 23:16:02.432  1610  5364 I MiuiKnockGestureService: focus window:com.android.todolist
08-23 23:16:02.460 13624 13624 I chatty  : uid=10010(com.android.todolist) identical 38 lines
08-23 23:16:02.460 13624 13624 D ForceDarkHelper: updateByCheckExcludeList: pkg: com.android.todolist activity: com.android.todolist.MainActivity@8f05c2c
08-23 23:16:02.488  1610  1756 I ActivityTaskManager: Displayed com.android.todolist/.MainActivity: +158ms
08-23 23:16:02.972  1610  1733 I Timeline: Timeline: Activity_windows_visible id: ActivityRecord{8c9d85e u0 com.android.todolist/.MainActivity t19240} time:286940921
08-23 23:16:06.541 13624 13624 D ForceDarkHelper: updateByCheckExcludeList: pkg: com.android.todolist activity: com.android.todolist.MainActivity@8f05c2c
08-23 23:16:06.551 13624 13624 I chatty  : uid=10010(com.android.todolist) identical 4 lines
08-23 23:16:06.554 13624 13624 D ForceDarkHelper: updateByCheckExcludeList: pkg: com.android.todolist activity: com.android.todolist.MainActivity@8f05c2c
